// Jest Snapshot v1, https://goo.gl/fbAQLP

exports[`Home tests renders well 1`] = `
<div>
  <div
    class="loader"
  >
    <div
      class="loader--container"
    >
      <div
        class="loader--item"
      />
      <p />
    </div>
  </div>
  <article
    aria-label="card containing information about comic"
    class="comic-card"
  >
    <div
      class="comic-card__img"
    >
      <img
        alt="You can do a lot better than 1% if you start keeping track of the patterns in what numbers people pick."
        src="https://imgs.xkcd.com/comics/psychic.png"
      />
    </div>
    <div
      class="comic-card__content"
    >
      <span
        class="comic-card__date"
      >
        26/ 8/ 2009
      </span>
      <h1
        class="comic-card__title"
      >
        Psychic
      </h1>
      <p
        class="comic-card__text"
      >
        Man: I'm psychic, you know. Woman: There's no such thing. Man: Okay, think of a number from one to one hundred. Woman: Okay. Man: 43. Woman: Holy shit! Man: I try not to let it affect my life too much. Woman: Wait, I can't believe this. Man: Don't worry about it. Forget I said anything. Woman: But-- Man: Let's get to the movie. Woman: I, uh... Ok, sure. Narrator: This trick may only work 1% of the time, but when it does, it's totally worth it. {{Title text: You can do a lot better than 1% if you start keeping track of the patterns in what numbers people pick.}}
      </p>
      <div
        class="comic-card__action"
      >
        <div
          class="rating"
        >
          <label>
            <input
              name="stars"
              type="radio"
              value="1"
            />
            <span
              class="icon"
            >
              ★
            </span>
          </label>
          <label>
            <input
              checked=""
              name="stars"
              type="radio"
              value="2"
            />
            <span
              class="icon"
            >
              ★
            </span>
            <span
              class="icon"
            >
              ★
            </span>
          </label>
          <label>
            <input
              name="stars"
              type="radio"
              value="3"
            />
            <span
              class="icon"
            >
              ★
            </span>
            <span
              class="icon"
            >
              ★
            </span>
            <span
              class="icon"
            >
              ★
            </span>
          </label>
          <label>
            <input
              name="stars"
              type="radio"
              value="4"
            />
            <span
              class="icon"
            >
              ★
            </span>
            <span
              class="icon"
            >
              ★
            </span>
            <span
              class="icon"
            >
              ★
            </span>
            <span
              class="icon"
            >
              ★
            </span>
          </label>
          <label>
            <input
              name="stars"
              type="radio"
              value="5"
            />
            <span
              class="icon"
            >
              ★
            </span>
            <span
              class="icon"
            >
              ★
            </span>
            <span
              class="icon"
            >
              ★
            </span>
            <span
              class="icon"
            >
              ★
            </span>
            <span
              class="icon"
            >
              ★
            </span>
          </label>
        </div>
      </div>
    </div>
  </article>
   
</div>
`;
